Script print reached
Traceback (most recent call last):
  File "C:\car-flip-analyzer\backend\copart_download_parallel.py", line 326, in <module>
    process_lots_directly(lots, user_id)
  File "C:\car-flip-analyzer\backend\copart_download_parallel.py", line 261, in process_lots_directly
    analyze_vehicle = get_analyzer()
                      ^^^^^^^^^^^^^^
  File "C:\car-flip-analyzer\backend\copart_download_parallel.py", line 251, in get_analyzer
    mod = importlib.import_module("ai_repair_estimator")
          ^^^^^^^^^^^^^^^^^^^^^^^^^^^^^^^^^^^^^^^^^^^^^^
  File "C:\Program Files\Python311\Lib\importlib\__init__.py", line 126, in import_module
    return _bootstrap._gcd_import(name[level:], package, level)
           ^^^^^^^^^^^^^^^^^^^^^^^^^^^^^^^^^^^^^^^^^^^^^^^^^^^^
  File "<frozen importlib._bootstrap>", line 1204, in _gcd_import
  File "<frozen importlib._bootstrap>", line 1176, in _find_and_load
  File "<frozen importlib._bootstrap>", line 1147, in _find_and_load_unlocked
  File "<frozen importlib._bootstrap>", line 690, in _load_unlocked
  File "<frozen importlib._bootstrap_external>", line 940, in exec_module
  File "<frozen importlib._bootstrap>", line 241, in _call_with_frames_removed
  File "C:\car-flip-analyzer\backend\ai_repair_estimator.py", line 19, in <module>
    uploads_dir = os.path.join(os.path.dirname(BASE_DIR), "user_uploads")
                                               ^^^^^^^^
NameError: name 'BASE_DIR' is not defined
